I'm sorry, but errors were detected in your script. Please correct the
errors listed below, and try again.


File "game/script.rpy", line 66: end of line expected.
    show bg_corner_day1_comet.gif
                             ^

Ren'Py Version: Ren'Py 7.3.5.606
Tue Oct 13 14:30:11 2020
